exports[`test App renders 1`] = `
<div>
  <div
    className="ui grid">
    <div
      className="row">
      <div
        className="five wide column">
        <button
          className="ui icon button"
          onClick={[Function]}
          tabIndex={undefined}>
          <i
            aria-hidden="true"
            className="backward icon" />
           
        </button>
        <button
          className="ui icon button"
          onClick={[Function]}
          tabIndex={undefined}>
          <i
            aria-hidden="true"
            className="forward icon" />
           
        </button>
        <button
          className="ui button"
          onClick={[Function]}
          tabIndex={undefined}>
          reset
        </button>
        <div
          className="ui list"
          role="list" />
      </div>
      <div
        className="center aligned eleven wide column">
        <div>
          <svg
            height="700"
            viewBox="0 0 400 700"
            width="100%">
            <text
              x={60}
              y="20">
              feature
            </text>
            <text
              style={
                Object {
                  "fontWeight": "bold",
                }
              }
              x={145}
              y="20">
              develop
            </text>
            <text
              x={210}
              y="20">
              release
            </text>
            <text
              x={265}
              y="20">
              hotfixes
            </text>
            <text
              style={
                Object {
                  "fontWeight": "bold",
                }
              }
              x={330}
              y="20">
              master
            </text>
            <line
              style={
                Object {
                  "stroke": "rgb(208, 208, 208)",
                  "strokeWidth": 1,
                }
              }
              x1={50}
              x2={50}
              y1={30}
              y2={680} />
            <line
              style={
                Object {
                  "stroke": "rgb(208, 208, 208)",
                  "strokeWidth": 1,
                }
              }
              x1={110}
              x2={110}
              y1={30}
              y2={680} />
            <line
              style={
                Object {
                  "stroke": "rgb(208, 208, 208)",
                  "strokeWidth": 1,
                }
              }
              x1={170}
              x2={170}
              y1={30}
              y2={680} />
            <line
              style={
                Object {
                  "stroke": "rgb(208, 208, 208)",
                  "strokeWidth": 1,
                }
              }
              x1={230}
              x2={230}
              y1={30}
              y2={680} />
            <line
              style={
                Object {
                  "stroke": "rgb(208, 208, 208)",
                  "strokeWidth": 1,
                }
              }
              x1={290}
              x2={290}
              y1={30}
              y2={680} />
            <line
              style={
                Object {
                  "stroke": "rgb(208, 208, 208)",
                  "strokeWidth": 1,
                }
              }
              x1={350}
              x2={350}
              y1={30}
              y2={680} />
          </svg>
        </div>
      </div>
    </div>
  </div>
</div>
`;
